상담 일지 - 제 3회기

- 일시: 2026-04-10
- 장소: 평화상담센터, 강남역점
- 상담자: 박상담
- 수퍼바이저명: 손수퍼
- 소속기관: 한국심리상담연구원
- 내담자 식별코드: CL-1029
- 내담자 연령: 28세
- 내담자 성별: 여
- 직업: 디자이너

주 호소 문제:
최근 직장에서의 과도한 업무 스트레스와 이로 인한 불면증 호소. 특정 상사와의 마찰이 가장 큰 스트레스 요인임.

상담 동기 및 경위:
지속적인 피로와 업무 의욕 저하를 겪다 동료의 권유로 상담을 결심하게 됨. 스스로 감정 조절이 안 되는 것에 두려움을 느낌.
